flutter : Package path_provider:linux references path_provider_linux:linux as the default plugin, 
but the package does not exist, or is not a plugin package.
At line:1 char:1
+ flutter build windows > build_errors.txt 2>&1
+ ~~~~~~~~~~~~~~~~~~~~~~~~~~~~~~~~~~~~~~~~~~~~~
    + CategoryInfo          : NotSpecified: (Package path_pr...plugin package.:String) [], RemoteExc 
   eption
    + FullyQualifiedErrorId : NativeCommandError
 
Ask the maintainers of path_provider to either avoid referencing a default implementation via 
`platforms: linux: default_package: path_provider_linux` or create a plugin named 
path_provider_linux.

Package path_provider:windows references path_provider_windows:windows as the default plugin, but 
the package does not exist, or is not a plugin package.
Ask the maintainers of path_provider to either avoid referencing a default implementation via 
`platforms: windows: default_package: path_provider_windows` or create a plugin named 
path_provider_windows.

Package path_provider:linux references path_provider_linux:linux as the default plugin, but the 
package does not exist, or is not a plugin package.
Ask the maintainers of path_provider to either avoid referencing a default implementation via 
`platforms: linux: default_package: path_provider_linux` or create a plugin named 
path_provider_linux.

Package path_provider:windows references path_provider_windows:windows as the default plugin, but 
the package does not exist, or is not a plugin package.
Ask the maintainers of path_provider to either avoid referencing a default implementation via 
`platforms: windows: default_package: path_provider_windows` or create a plugin named 
path_provider_windows.

Package path_provider:linux references path_provider_linux:linux as the default plugin, but the 
package does not exist, or is not a plugin package.
Ask the maintainers of path_provider to either avoid referencing a default implementation via 
`platforms: linux: default_package: path_provider_linux` or create a plugin named 
path_provider_linux.

Package path_provider:windows references path_provider_windows:windows as the default plugin, but 
the package does not exist, or is not a plugin package.
Ask the maintainers of path_provider to either avoid referencing a default implementation via 
`platforms: windows: default_package: path_provider_windows` or create a plugin named 
path_provider_windows.

Package path_provider:linux references path_provider_linux:linux as the default plugin, but the 
package does not exist, or is not a plugin package.
Ask the maintainers of path_provider to either avoid referencing a default implementation via 
`platforms: linux: default_package: path_provider_linux` or create a plugin named 
path_provider_linux.

Package path_provider:windows references path_provider_windows:windows as the default plugin, but 
the package does not exist, or is not a plugin package.
Ask the maintainers of path_provider to either avoid referencing a default implementation via 
`platforms: windows: default_package: path_provider_windows` or create a plugin named 
path_provider_windows.

Building Windows application...                                 
Nuget.exe not found, trying to download or use cached version.
lib/features/home/home_screen.dart(359,98): error GE5CFE876: The method 'SupportScreen' isn't 
defined for the type '_HomeScreenState'. 
[C:\Users\user\Desktop\HAIBYE\frontend\build\windows\x64\flutter\flutter_assemble.vcxproj]
lib/features/home/home_screen.dart(1284,86): error GE5CFE876: The method 'SupportScreen' isn't 
defined for the type '_HomeScreenState'. 
[C:\Users\user\Desktop\HAIBYE\frontend\build\windows\x64\flutter\flutter_assemble.vcxproj]
lib/features/invest/invest_screen.dart(192,26): error G4127D1E8: The getter 'currentRate' isn't 
defined for the type '_InvestScreenState'. 
[C:\Users\user\Desktop\HAIBYE\frontend\build\windows\x64\flutter\flutter_assemble.vcxproj]
lib/features/invest/invest_screen.dart(420,97): error G4127D1E8: The getter 'currentRate' isn't 
defined for the type '_InvestScreenState'. 
[C:\Users\user\Desktop\HAIBYE\frontend\build\windows\x64\flutter\flutter_assemble.vcxproj]
lib/features/invest/invest_screen.dart(452,45): error G4127D1E8: The getter 'currentRate' isn't 
defined for the type '_InvestScreenState'. 
[C:\Users\user\Desktop\HAIBYE\frontend\build\windows\x64\flutter\flutter_assemble.vcxproj]
lib/features/invest/invest_screen.dart(482,73): error G4127D1E8: The getter 'currentRate' isn't 
defined for the type '_InvestScreenState'. 
[C:\Users\user\Desktop\HAIBYE\frontend\build\windows\x64\flutter\flutter_assemble.vcxproj]
lib/features/invest/invest_screen.dart(518,47): error G4127D1E8: The getter 'currentRate' isn't 
defined for the type '_InvestScreenState'. 
[C:\Users\user\Desktop\HAIBYE\frontend\build\windows\x64\flutter\flutter_assemble.vcxproj]
lib/features/invest/invest_screen.dart(528,39): error G4127D1E8: The getter 'currentRate' isn't 
defined for the type '_InvestScreenState'. 
[C:\Users\user\Desktop\HAIBYE\frontend\build\windows\x64\flutter\flutter_assemble.vcxproj]
lib/features/profile/kyc_screen.dart(47,45): error G45CBAFD4: Too few positional arguments: 3 
required, 1 given. 
[C:\Users\user\Desktop\HAIBYE\frontend\build\windows\x64\flutter\flutter_assemble.vcxproj]
C:\Program Files (x86)\Microsoft Visual 
Studio\2022\BuildTools\MSBuild\Microsoft\VC\v170\Microsoft.CppCommon.targets(254,5): error MSB8066: 
Custom build for 'C:\Users\user\Desktop\HAIBYE\frontend\build\windows\x64\CMakeFiles\c60f04315907927f
cf13fb014579fc37\flutter_windows.dll.rule;C:\Users\user\Desktop\HAIBYE\frontend\build\windows\x64\CMa
keFiles\eddac9cc9b0df869f25a4a58f3bf8731\flutter_assemble.rule' exited with code 1. 
[C:\Users\user\Desktop\HAIBYE\frontend\build\windows\x64\flutter\flutter_assemble.vcxproj]
Building Windows application...                                    13.8s
Build process failed.
